// Jest Snapshot v1, https://goo.gl/fbAQLP

exports[`The profile renders correctly 1`] = `
Object {
  "asFragment": [Function],
  "baseElement": <body>
    <div>
      <div
        class="ProfileContent__ProfileWrapper-sc-19q8044-0 jpCFxJ"
      >
        <h2
          class="ProfileContent__NameStyled-sc-19q8044-1 kfIgmp"
        >
          Max Mustermann
        </h2>
        <h3
          class="ProfileContent__CompanyStyled-sc-19q8044-2 caBkeZ"
        >
          Universal GmbH
        </h3>
        <ul
          class="ProfileContent__DetailListStyled-sc-19q8044-3 coUUXN"
        >
          <h4
            class="ProfileContent__DetailItemHeading-sc-19q8044-5 hLDmSe"
          >
            Kontaktdaten
          </h4>
          <li
            class="ProfileContent__DetailItemContainer-sc-19q8044-4 ddgpiS"
          >
            <p
              class="ProfileContent__DetailItemContent-sc-19q8044-6 fVJJvY"
            >
              0176-123123123
            </p>
            <p
              class="ProfileContent__DetailItemContent-sc-19q8044-6 fVJJvY"
            >
              max.mustermann@universal.de
            </p>
          </li>
          <h4
            class="ProfileContent__DetailItemHeading-sc-19q8044-5 hLDmSe"
          >
            Adresse
          </h4>
          <li
            class="ProfileContent__DetailItemContainer-sc-19q8044-4 ddgpiS"
          >
            <p
              class="ProfileContent__DetailItemContent-sc-19q8044-6 fVJJvY"
            >
              ABC-Straße 105
            </p>
            <p
              class="ProfileContent__DetailItemContent-sc-19q8044-6 fVJJvY"
            >
              20239
            </p>
            <p
              class="ProfileContent__DetailItemContent-sc-19q8044-6 fVJJvY"
            >
              Hamburg
            </p>
          </li>
          <h4
            class="ProfileContent__DetailItemHeading-sc-19q8044-5 hLDmSe"
          >
            Kategorie
          </h4>
          <h4
            class="ProfileContent__DetailItemHeading-sc-19q8044-5 hLDmSe"
          >
            Notiz
          </h4>
        </ul>
      </div>
    </div>
  </body>,
  "container": <div>
    <div
      class="ProfileContent__ProfileWrapper-sc-19q8044-0 jpCFxJ"
    >
      <h2
        class="ProfileContent__NameStyled-sc-19q8044-1 kfIgmp"
      >
        Max Mustermann
      </h2>
      <h3
        class="ProfileContent__CompanyStyled-sc-19q8044-2 caBkeZ"
      >
        Universal GmbH
      </h3>
      <ul
        class="ProfileContent__DetailListStyled-sc-19q8044-3 coUUXN"
      >
        <h4
          class="ProfileContent__DetailItemHeading-sc-19q8044-5 hLDmSe"
        >
          Kontaktdaten
        </h4>
        <li
          class="ProfileContent__DetailItemContainer-sc-19q8044-4 ddgpiS"
        >
          <p
            class="ProfileContent__DetailItemContent-sc-19q8044-6 fVJJvY"
          >
            0176-123123123
          </p>
          <p
            class="ProfileContent__DetailItemContent-sc-19q8044-6 fVJJvY"
          >
            max.mustermann@universal.de
          </p>
        </li>
        <h4
          class="ProfileContent__DetailItemHeading-sc-19q8044-5 hLDmSe"
        >
          Adresse
        </h4>
        <li
          class="ProfileContent__DetailItemContainer-sc-19q8044-4 ddgpiS"
        >
          <p
            class="ProfileContent__DetailItemContent-sc-19q8044-6 fVJJvY"
          >
            ABC-Straße 105
          </p>
          <p
            class="ProfileContent__DetailItemContent-sc-19q8044-6 fVJJvY"
          >
            20239
          </p>
          <p
            class="ProfileContent__DetailItemContent-sc-19q8044-6 fVJJvY"
          >
            Hamburg
          </p>
        </li>
        <h4
          class="ProfileContent__DetailItemHeading-sc-19q8044-5 hLDmSe"
        >
          Kategorie
        </h4>
        <h4
          class="ProfileContent__DetailItemHeading-sc-19q8044-5 hLDmSe"
        >
          Notiz
        </h4>
      </ul>
    </div>
  </div>,
  "debug": [Function],
  "findAllByAltText": [Function],
  "findAllByDisplayValue": [Function],
  "findAllByLabelText": [Function],
  "findAllByPlaceholderText": [Function],
  "findAllByRole": [Function],
  "findAllByTestId": [Function],
  "findAllByText": [Function],
  "findAllByTitle": [Function],
  "findByAltText": [Function],
  "findByDisplayValue": [Function],
  "findByLabelText": [Function],
  "findByPlaceholderText": [Function],
  "findByRole": [Function],
  "findByTestId": [Function],
  "findByText": [Function],
  "findByTitle": [Function],
  "getAllByAltText": [Function],
  "getAllByDisplayValue": [Function],
  "getAllByLabelText": [Function],
  "getAllByPlaceholderText": [Function],
  "getAllByRole": [Function],
  "getAllByTestId": [Function],
  "getAllByText": [Function],
  "getAllByTitle": [Function],
  "getByAltText": [Function],
  "getByDisplayValue": [Function],
  "getByLabelText": [Function],
  "getByPlaceholderText": [Function],
  "getByRole": [Function],
  "getByTestId": [Function],
  "getByText": [Function],
  "getByTitle": [Function],
  "queryAllByAltText": [Function],
  "queryAllByDisplayValue": [Function],
  "queryAllByLabelText": [Function],
  "queryAllByPlaceholderText": [Function],
  "queryAllByRole": [Function],
  "queryAllByTestId": [Function],
  "queryAllByText": [Function],
  "queryAllByTitle": [Function],
  "queryByAltText": [Function],
  "queryByDisplayValue": [Function],
  "queryByLabelText": [Function],
  "queryByPlaceholderText": [Function],
  "queryByRole": [Function],
  "queryByTestId": [Function],
  "queryByText": [Function],
  "queryByTitle": [Function],
  "rerender": [Function],
  "unmount": [Function],
}
`;
