// Jest Snapshot v1, https://goo.gl/fbAQLP

exports[`The form renders correctly 1`] = `
Object {
  "asFragment": [Function],
  "baseElement": <body>
    <div>
      <div>
        <form
          class="sc-AxjAm htDRZe"
        >
          <div
            class="sc-AxirZ erNbfn"
          >
            <label
              class="sc-AxiKw bMvXWd"
            >
              Vorname
              <input
                id="firstName"
                maxlength="40"
                name="firstName"
                placeholder="Max"
                type="text"
                value=""
              />
            </label>
            <label
              class="sc-AxiKw bMvXWd"
            >
              Nachname
              <input
                id="lastName"
                maxlength="40"
                name="lastName"
                placeholder="Mustermann"
                type="text"
                value=""
              />
            </label>
          </div>
          <label
            class="sc-AxiKw bMvXWd"
          >
            Unternehmen
            <input
              id="company"
              name="company"
              placeholder="Universal GmbH"
              type="text"
            />
          </label>
          <label
            class="sc-AxiKw bMvXWd"
          >
            Telefon
            <input
              id="phone"
              name="phone"
              type="tel"
            />
          </label>
          <label
            class="sc-AxiKw bMvXWd"
          >
            E-Mail
            <input
              id="mail"
              name="mail"
            />
          </label>
          <label
            class="sc-AxiKw bMvXWd"
          >
            Adresse
            <input
              id="street"
              name="zip"
              placeholder="Straße"
              type="text"
            />
            <div
              class="sc-AxirZ erNbfn"
            >
              <input
                id="zip"
                name="zip"
                placeholder="PLZ"
                type="number"
              />
              <input
                id="city"
                name="city"
                placeholder="Stadt"
                type="text"
              />
            </div>
          </label>
          <label
            class="sc-AxiKw bMvXWd"
          >
            Notiz
            <input
              id="note"
              name="note"
              type="text"
            />
          </label>
          <label
            class="sc-AxiKw bMvXWd"
          >
            Kategorie
            <input
              id="category"
              name="category"
              placeholder="Kunde, Dienstleister"
              type="text"
            />
          </label>
          <button
            class="sc-AxhCb ccMvAG"
            disabled=""
          >
            Kontakt hinzufügen
          </button>
        </form>
      </div>
    </div>
  </body>,
  "container": <div>
    <div>
      <form
        class="sc-AxjAm htDRZe"
      >
        <div
          class="sc-AxirZ erNbfn"
        >
          <label
            class="sc-AxiKw bMvXWd"
          >
            Vorname
            <input
              id="firstName"
              maxlength="40"
              name="firstName"
              placeholder="Max"
              type="text"
              value=""
            />
          </label>
          <label
            class="sc-AxiKw bMvXWd"
          >
            Nachname
            <input
              id="lastName"
              maxlength="40"
              name="lastName"
              placeholder="Mustermann"
              type="text"
              value=""
            />
          </label>
        </div>
        <label
          class="sc-AxiKw bMvXWd"
        >
          Unternehmen
          <input
            id="company"
            name="company"
            placeholder="Universal GmbH"
            type="text"
          />
        </label>
        <label
          class="sc-AxiKw bMvXWd"
        >
          Telefon
          <input
            id="phone"
            name="phone"
            type="tel"
          />
        </label>
        <label
          class="sc-AxiKw bMvXWd"
        >
          E-Mail
          <input
            id="mail"
            name="mail"
          />
        </label>
        <label
          class="sc-AxiKw bMvXWd"
        >
          Adresse
          <input
            id="street"
            name="zip"
            placeholder="Straße"
            type="text"
          />
          <div
            class="sc-AxirZ erNbfn"
          >
            <input
              id="zip"
              name="zip"
              placeholder="PLZ"
              type="number"
            />
            <input
              id="city"
              name="city"
              placeholder="Stadt"
              type="text"
            />
          </div>
        </label>
        <label
          class="sc-AxiKw bMvXWd"
        >
          Notiz
          <input
            id="note"
            name="note"
            type="text"
          />
        </label>
        <label
          class="sc-AxiKw bMvXWd"
        >
          Kategorie
          <input
            id="category"
            name="category"
            placeholder="Kunde, Dienstleister"
            type="text"
          />
        </label>
        <button
          class="sc-AxhCb ccMvAG"
          disabled=""
        >
          Kontakt hinzufügen
        </button>
      </form>
    </div>
  </div>,
  "debug": [Function],
  "findAllByAltText": [Function],
  "findAllByDisplayValue": [Function],
  "findAllByLabelText": [Function],
  "findAllByPlaceholderText": [Function],
  "findAllByRole": [Function],
  "findAllByTestId": [Function],
  "findAllByText": [Function],
  "findAllByTitle": [Function],
  "findByAltText": [Function],
  "findByDisplayValue": [Function],
  "findByLabelText": [Function],
  "findByPlaceholderText": [Function],
  "findByRole": [Function],
  "findByTestId": [Function],
  "findByText": [Function],
  "findByTitle": [Function],
  "getAllByAltText": [Function],
  "getAllByDisplayValue": [Function],
  "getAllByLabelText": [Function],
  "getAllByPlaceholderText": [Function],
  "getAllByRole": [Function],
  "getAllByTestId": [Function],
  "getAllByText": [Function],
  "getAllByTitle": [Function],
  "getByAltText": [Function],
  "getByDisplayValue": [Function],
  "getByLabelText": [Function],
  "getByPlaceholderText": [Function],
  "getByRole": [Function],
  "getByTestId": [Function],
  "getByText": [Function],
  "getByTitle": [Function],
  "queryAllByAltText": [Function],
  "queryAllByDisplayValue": [Function],
  "queryAllByLabelText": [Function],
  "queryAllByPlaceholderText": [Function],
  "queryAllByRole": [Function],
  "queryAllByTestId": [Function],
  "queryAllByText": [Function],
  "queryAllByTitle": [Function],
  "queryByAltText": [Function],
  "queryByDisplayValue": [Function],
  "queryByLabelText": [Function],
  "queryByPlaceholderText": [Function],
  "queryByRole": [Function],
  "queryByTestId": [Function],
  "queryByText": [Function],
  "queryByTitle": [Function],
  "rerender": [Function],
  "unmount": [Function],
}
`;
